Microsoft (R) Macro Assembler Version 6.11		    01/06/17 19:33:55
tempfile.asm						     Page 1 - 1


				FILEWORD MACRO DATA1
				    MOV BX,OFFSET DATA1
				    SUB CH,CH
				    MOV CL,[BX]+1
				    MOV WORDS,CX 
				    ENDM
				    
				PRINT MACRO DATA2
				    MOV AH,09H
				    MOV DX,OFFSET DATA2
				    INT 21H
				    ENDM

 0000				DATAS SEGMENT
				    ;此处输入数据段代码
				     ORG 0010H
 0010 50 4C 45 41 53 45		MESSAGE DB 'PLEASE ENTER THE NAME OF FILE:',CR,LF,'$'
       20 45 4E 54 45 52
       20 54 48 45 20 4E
       41 4D 45 20 4F 46
       20 46 49 4C 45 3A
       0D 0A 24
 0031 0D 0A 50 4C 45 41		MESSAGE2 DB CR,LF,'PLEASE ENTER THE CONTENT:',CR,LF,'$'   
       53 45 20 45 4E 54
       45 52 20 54 48 45
       20 43 4F 4E 54 45
       4E 54 3A 0D 0A 24
 004F 0A 00			ADDRESS DB 10,?,10 DUP(00)
       000A [
        00
       ]
 005B 00			LONG    DB ?
 005C 64 00			BUF     DB 100,?,100 DUP(00)
       0064 [
        00
       ]
 00C2 0A 45 52 52 4F 52		EMESSAGE DB 0AH,'ERROR!','$'
       21 24
 00CA 0A 53 55 43 43 45		SMESSAGE DB 0AH,'SUCCESS!','$'
       53 53 21 24
 00D4 0000			HANDLE DW ?
 00D6 0000			WORDS  DW ?
 00D8 00			NUMBER DB 0
				ORG 1000H
 1000  0064 [			MEMONAME DB 100 DUP('$')
        24
       ]
				ORG 1800H
 1800 00			NAMESTART DB 0
 1801 00			NAMEEND   DB 0
				ORG 2000H
 2000  0064 [			COUNTLIST DB 100 DUP(00)
        00
       ]
 2064 00			MEMOCOUNT DB 0
				ORG 3000H
 3000 00			NAMEROW DB 0
 3001 00			NAMECOUNT DB 0

 3002 41 41 41 2E 54 58		FILENAME DB 'AAA.TXT',0
       54 00

 = 000D				CR EQU 0DH
 = 000A				LF EQU 0AH
 300A				DATAS ENDS

 0000				STACKS SEGMENT
				    ;此处输入堆栈段代码
 0000				STACKS ENDS

 0000				CODES SEGMENT
				    ASSUME CS:CODES,DS:DATAS,SS:STACKS
 0000				START:
 0000				MAIN PROC FAR
 0000  B8 ---- R		    MOV AX,DATAS
 0003  8E D8			    MOV DS,AX
				    ;此处输入代码段代码
				   
				    ;输入文件标题
				    PRINT MESSAGE
 0005  B4 09		     1	    MOV AH,09H
 0007  BA 0010 R	     1	    MOV DX,OFFSET MESSAGE
 000A  CD 21		     1	    INT 21H
 000C  B4 0A			    MOV AH,0AH
 000E  BA 004F R		    MOV DX,OFFSET ADDRESS
 0011  CD 21			    INT 21H
				    
				    ;将输入缓冲区中的0DH换为00H
				    FILEWORD ADDRESS
 0013  BB 004F R	     1	    MOV BX,OFFSET ADDRESS
 0016  2A ED		     1	    SUB CH,CH
 0018  8A 4F 01		     1	    MOV CL,[BX]+1
 001B  89 0E 00D6 R	     1	    MOV WORDS,CX 
 001F  2A ED			    SUB CH,CH
 0021  8B F1			    MOV SI,CX
 0023  C6 40 02 00		    MOV BYTE PTR[BX+SI]+2,00
				    
				    ;获取文件名到00处结束，新建文件
 0027  BA 004F R		    MOV DX,OFFSET ADDRESS
 002A  42			    INC DX
 002B  42			    INC DX
 002C  B9 0000			    MOV CX,0
 002F  B4 3C			    MOV AH,3CH
 0031  CD 21			    INT 21H
 0033  73 03 E9 0127		    JC ERROR2
 0038  A3 00D4 R		    MOV HANDLE,AX
 003B  8A 26 2064 R		    MOV AH,MEMOCOUNT
 003F  FE C4			    INC AH
 0041  88 26 2064 R		    MOV MEMOCOUNT,AH
				    
				    ;将文件名存入MEMONAME中
 0045  BF 004F R		     MOV DI,OFFSET ADDRESS
 0048  47			     INC DI
 0049  2B C9			     SUB CX,CX
 004B  8A 0D			     MOV CL,[DI]
 004D  88 0E 00D8 R		     MOV NUMBER,CL
 0051  47			     INC DI
 0052  BE 1000 R		     MOV SI,OFFSET MEMONAME
 0055  2B DB			     SUB BX,BX
 0057  8A 1E 1800 R		     MOV BL,NAMESTART
 005B				NAMELOOP:         
 005B  8A 05			     MOV AL,[DI]
 005D  88 00			     MOV [SI+BX],AL
 005F  47			     INC DI
 0060  46			     INC SI
 0061  49			     DEC CX
 0062  83 F9 00			     CMP CX,0
 0065  75 F4			     JNE NAMELOOP
 0067  46			     INC SI
 0068  B0 24			     MOV AL,'$'
 006A  88 00			     MOV [SI+BX],AL
				     
				     ;将文件名长度存入COUNTLIST
 006C  2B DB			     SUB BX,BX
 006E  BE 2000 R		     MOV SI,OFFSET COUNTLIST
 0071  8A 1E 2064 R		     MOV BL,MEMOCOUNT
 0075  A0 00D8 R		     MOV AL,NUMBER
 0078  88 00			     MOV BYTE PTR[SI+BX],AL
				     
 007A  2B DB			     SUB BX,BX
 007C  BE 2000 R		     MOV SI,OFFSET COUNTLIST
 007F  8A 1E 2064 R		     MOV BL,MEMOCOUNT
 0083  8A 38			     MOV BH,BYTE PTR[SI+BX] ;求出COUNTLIST[MEMOCOUNT]
 0085  02 3E 1800 R		     ADD BH,NAMESTART
 0089  88 3E 1801 R		     MOV NAMEEND,BH;求出当前MEMONAME的结束处
 008D  80 C7 02			     ADD BH,2
 0090  88 3E 1800 R		     MOV NAMESTART,BH;求出下一个MEMONAME的开始处
				     
				    
				    
				    
				    
				 
				    ;输入文件内容
				    PRINT MESSAGE2
 0094  B4 09		     1	    MOV AH,09H
 0096  BA 0031 R	     1	    MOV DX,OFFSET MESSAGE2
 0099  CD 21		     1	    INT 21H
 009B  B4 0A			    MOV AH,0AH
 009D  BA 005C R		    MOV DX,OFFSET BUF
 00A0  CD 21			    INT 21H
				    
				    ;获取输入内容字数
				    FILEWORD BUF
 00A2  BB 005C R	     1	    MOV BX,OFFSET BUF
 00A5  2A ED		     1	    SUB CH,CH
 00A7  8A 4F 01		     1	    MOV CL,[BX]+1
 00AA  89 0E 00D6 R	     1	    MOV WORDS,CX 
 00AE  8B 1E 00D4 R		    MOV BX,HANDLE
 00B2  8B 0E 00D6 R		    MOV CX,WORDS
 00B6  BA 005C R		    MOV DX,OFFSET BUF
 00B9  42			    INC DX
 00BA  42			    INC DX
 00BB  B4 40			    MOV AH,40H
 00BD  CD 21			    INT 21H
 00BF  73 03 E9 009B		    JC ERROR2
				    
				    ;关闭文件
 00C4  8B 1E 00D4 R		    MOV BX,HANDLE
 00C8  B4 3E			    MOV AH,3EH
 00CA  CD 21			    INT 21H
 00CC  73 03 E9 008E		    JC ERROR2
				    PRINT SMESSAGE
 00D1  B4 09		     1	    MOV AH,09H
 00D3  BA 00CA R	     1	    MOV DX,OFFSET SMESSAGE
 00D6  CD 21		     1	    INT 21H


 00D8  B0 03			    MOV AL,3
 00DA  A2 3000 R		    MOV NAMEROW,AL
 00DD  B3 28			    MOV BL,40
 00DF  2B C9			    SUB CX,CX
 00E1  8A 0E 2064 R		    MOV CL,MEMOCOUNT
 00E5  88 0E 3001 R		    MOV NAMECOUNT,CL
 00E9  BE 2000 R		    MOV SI,OFFSET COUNTLIST
 00EC				LISTLOOP:
 00EC  B4 02			    MOV AH,02H
 00EE  B7 00			    MOV BH,00
 00F0  8A 36 3000 R		    MOV DH,NAMEROW
 00F4  B2 28			    MOV DL,40  ;设置光标位置
 00F6  CD 10			    INT 10H
				    
				    ;显示已有备忘录名称
				    ;DISPLAY SMESSAGE
				    
 00F8  B4 09			    MOV AH,09H
 00FA  BA 1000 R		    MOV DX,OFFSET MEMONAME
 00FD  02 16 1800 R		    ADD DL,NAMESTART
 0101  CD 21			    INT 21H
 0103  8A 1E 3001 R		    MOV BL,NAMECOUNT
 0107  FE CB			    DEC BL
 0109  88 1E 3001 R		    MOV NAMECOUNT,BL
 010D  2A FF			    SUB BH,BH
 010F  8A 38			    MOV BH,BYTE PTR[SI+BX]
 0111  8A 26 1800 R		    MOV AH,NAMESTART
 0115  FE CC			    DEC AH
 0117  2A E7			    SUB AH,BH
 0119  88 26 1800 R		    MOV NAMESTART,AH
				    
 011D  A0 3000 R		    MOV AL,NAMEROW
 0120  04 02			    ADD AL,2
 0122  A2 3000 R		    MOV NAMEROW,AL
 0125  49			    DEC CX
 0126  83 F9 00			    CMP CX,0
 0129  75 C1			    JNE LISTLOOP
				    
 012B  BA 3002 R		    MOV DX, OFFSET FILENAME
 012E  B0 00			    MOV AL,0
 0130  B4 3D			    MOV AH,3DH
 0132  CD 21			    INT 21H
 0134  72 29			    JC ERROR2
 0136  A3 00D4 R		    MOV HANDLE,AX
 0139  8B D8			    MOV BX,AX
 013B  B9 00FF			    MOV CX,255
 013E  BA 005C R		    MOV DX,OFFSET BUF
 0141  B4 3F			    MOV AH,3FH
 0143  CD 21			    INT 21H
 0145  72 18			    JC ERROR2
 0147  8B D8			    MOV BX,AX
 0149  C6 87 005C R 24		    MOV BUF[BX],'$'
 014E  BA 005C R		    MOV DX,OFFSET BUF
 0151  B4 09			    MOV AH,09H
 0153  CD 21			    INT 21H
 0155  8B 1E 00D4 R		    MOV BX,HANDLE
 0159  B4 3E			    MOV AH,3EH
 015B  CD 21			    INT 21H
 015D  73 07			    JNC END1
				    
				    
				    ;删除文件
				    ;MOV DX,OFFSET ADDRESS
				    ;INC DX
				    ;INC DX
				    ;MOV AH,41H
				    ;INT 21H
				    ;JC  ERROR2
				    ;PRINT SMESSAGE
				    ;JMP END1
				 
 015F				ERROR2:
				    PRINT EMESSAGE
 015F  B4 09		     1	    MOV AH,09H
 0161  BA 00C2 R	     1	    MOV DX,OFFSET EMESSAGE
 0164  CD 21		     1	    INT 21H
				    
				    
				    
 0166				END1:
 0166  B4 4C			    MOV AH,4CH
 0168  CD 21			    INT 21H
				    
 016A				MAIN ENDP
				   
 016A				CODES ENDS
				    END START









Microsoft (R) Macro Assembler Version 6.11		    01/06/17 19:33:55
tempfile.asm						     Symbols 2 - 1




Macros:

                N a m e                 Type

FILEWORD . . . . . . . . . . . .	Proc
PRINT  . . . . . . . . . . . . .	Proc


Segments and Groups:

                N a m e                 Size     Length   Align   Combine Class

CODES  . . . . . . . . . . . . .	16 Bit	 016A	  Para	  Private 
DATAS  . . . . . . . . . . . . .	16 Bit	 300A	  Para	  Private 
STACKS . . . . . . . . . . . . .	16 Bit	 0000	  Para	  Private 


Procedures,  parameters and locals:

                N a m e                 Type     Value    Attr

MAIN . . . . . . . . . . . . . .	P Far	 0000	  CODES	Length= 016A Public
  NAMELOOP . . . . . . . . . . .	L Near	 005B	  CODES	
  LISTLOOP . . . . . . . . . . .	L Near	 00EC	  CODES	
  ERROR2 . . . . . . . . . . . .	L Near	 015F	  CODES	
  END1 . . . . . . . . . . . . .	L Near	 0166	  CODES	


Symbols:

                N a m e                 Type     Value    Attr

ADDRESS  . . . . . . . . . . . .	Byte	 004F	  DATAS	
BUF  . . . . . . . . . . . . . .	Byte	 005C	  DATAS	
COUNTLIST  . . . . . . . . . . .	Byte	 2000	  DATAS	
CR . . . . . . . . . . . . . . .	Number	 000Dh	 
EMESSAGE . . . . . . . . . . . .	Byte	 00C2	  DATAS	
FILENAME . . . . . . . . . . . .	Byte	 3002	  DATAS	
HANDLE . . . . . . . . . . . . .	Word	 00D4	  DATAS	
LF . . . . . . . . . . . . . . .	Number	 000Ah	 
LONG . . . . . . . . . . . . . .	Byte	 005B	  DATAS	
MEMOCOUNT  . . . . . . . . . . .	Byte	 2064	  DATAS	
MEMONAME . . . . . . . . . . . .	Byte	 1000	  DATAS	
MESSAGE2 . . . . . . . . . . . .	Byte	 0031	  DATAS	
MESSAGE  . . . . . . . . . . . .	Byte	 0010	  DATAS	
NAMECOUNT  . . . . . . . . . . .	Byte	 3001	  DATAS	
NAMEEND  . . . . . . . . . . . .	Byte	 1801	  DATAS	
NAMEROW  . . . . . . . . . . . .	Byte	 3000	  DATAS	
NAMESTART  . . . . . . . . . . .	Byte	 1800	  DATAS	
NUMBER . . . . . . . . . . . . .	Byte	 00D8	  DATAS	
SMESSAGE . . . . . . . . . . . .	Byte	 00CA	  DATAS	
START  . . . . . . . . . . . . .	L Near	 0000	  CODES	
WORDS  . . . . . . . . . . . . .	Word	 00D6	  DATAS	

	   0 Warnings
	   0 Errors
