Microsoft (R) Macro Assembler Version 6.11		    01/06/17 14:50:36
tempfile.asm						     Page 1 - 1


				CURSOR MACRO ROW,COLUMN
				       MOV AH,02H
				       MOV BH,00
				       MOV DH,ROW
				       MOV DL,COLUMN  ;设置光标位置
				       INT 10H
				       ENDM
				DISPLAY MACRO STRING
				       MOV AH,09H
				       MOV DX,OFFSET STRING  ;装入字符串地址
				       INT 21H
				       ENDM
				FILL MACRO ROW_START,COL_START,ROW_END,COL_END,COLOR
				       LOCAL START1,AGAIN
				       MOV DX,ROW_START
				START1:
				       MOV CX,COL_START
				AGAIN:
				       MOV AH,0CH
				       MOV AL,COLOR   ;写像素，AL中存放像素值
				       INT 10H
				       INC CX
				       CMP CX,COL_END ;画一条水平线
				       JNE AGAIN
				       INC DX
				       CMP DX,ROW_END ;增加行值画水平线，以此画出矩形
				       JNE START1
				       ENDM

				CLEARSRC MACRO
				    MOV AX,0600H           ;清除屏幕
				    MOV BH,07
				    MOV CX,0
				    MOV DX,184FH
				    INT 10H
				    ENDM      

				FRAME MACRO ROW_START,COL_START,ROW_END,COL_END,COLOR ;画出矩形框
				      LOCAL ROWCOL1,ROWCOL2,ROWCOL3,ROWCOL4
				      MOV DX,ROW_START
				      MOV CX,COL_START
				ROWCOL1:
				      MOV AH,0CH
				      MOV AL,COLOR
				      INT 10H
				      INC CX
				      CMP CX,COL_END
				      JNE ROWCOL1
				      
				      MOV CX,COL_START
				ROWCOL2:
				      MOV AH,0CH
				      MOV AL,COLOR
				      INT 10H
				      INC DX
				      CMP DX,ROW_END
				      JNE ROWCOL2
				      
				      MOV DX,ROW_END
				      MOV CX,COL_START
				ROWCOL3:
				      MOV AH,0CH
				      MOV AL,COLOR
				      INT 10H
				      INC CX
				      CMP CX,COL_END
				      JNE ROWCOL3
				      
				      MOV DX,ROW_START
				      MOV CX,COL_END
				ROWCOL4:
				      MOV AH,0CH
				      MOV AL,COLOR
				      INT 10H
				      INC DX
				      CMP DX,ROW_END
				      JNE ROWCOL4       
				      
				      ENDM

				FILEWORD MACRO DATA1
				      MOV BX,OFFSET DATA1
				      SUB CH,CH
				      MOV CL,[BX]+1
				      MOV WORDS,CX
				      ENDM
				             

 0000				DATAS SEGMENT
				    ;此处输入数据段代码 
 = 000D				CR EQU 0DH
 = 000A				LF EQU 0AH    
				    
 0000 57 65 6C 63 6F 6D		MESSAGE_1 DB 'Welcome!','$'
       65 21 24
 0009 45 4E 54 45 52 24		MESSAGE_2 DB 'ENTER','$'
 000F 4E 45 57 4D 45 4D		MESSAGE_3 DB 'NEWMEMO','$'
       4F 24
 0017 4D 4F 44 45 4C 32		MESSAGE_4 DB 'MODEL2','$'
       24
 001E 4D 4F 44 45 4C 33		MESSAGE_5 DB 'MODEL3','$'
       24
 0025 4D 4F 44 45 4C 34		MESSAGE_6 DB 'MODEL4','$'
       24
 002C 45 58 49 54 24		MESSAGE_7 DB 'EXIT','$'
 0031 50 52 45 53 53 20		MESSAGE_8 DB 'PRESS ENTER TO ENTER','$'
       45 4E 54 45 52 20
       54 4F 20 45 4E 54
       45 52 24
 0046 00			OLDVIDEO  DB ?
 0047 12			NEWVIDEO  DB 12H
 0048 00			WHEATHERIN DB ?

 0049 54 49 54 4C 45 3A		TITLETEXT DB 'TITLE:','$'
       24
 0050 43 4F 4E 54 45 58		CONTEXTTEXT DB 'CONTEXT:','$'
       54 3A 24
 0059 53 41 56 45 24		SAVETEXT DB 'SAVE','$'
 005E 42 41 43 4B 24		BACKTEXT DB 'BACK','$'
 0063 53 55 43 43 45 53		SMESSAGE DB 'SUCCESS!','$'
       53 21 24
 006C 50 4C 45 41 53 45		TITLEMESSAGE DB 'PLEASE ENTER THE NAME OF FILE','$'
       20 45 4E 54 45 52
       20 54 48 45 20 4E
       41 4D 45 20 4F 46
       20 46 49 4C 45 24
 008A 50 4C 45 41 53 45		CONTEXTMESSAGE DB 'PLEASE ENTER THE CONTENT','$'
       20 45 4E 54 45 52
       20 54 48 45 20 43
       4F 4E 54 45 4E 54
       24
 00A3 49 4E 46 4F 3A 24		INFORMATION DB 'INFO:','$'
 00A9 0A 00			ADDRESS DB 10,?,10 DUP(0FFH)
       000A [
        FF
       ]
 00B5 64 00			BUF     DB 100,?,100 DUP(0FFH)
       0064 [
        FF
       ]
 011B  0064 [			MEMONAME DB 100 DUP('$')
        24
       ]
 017F 00			MEMOCOUNT DB 00
 0180 00			NUMBER DB ?
 0181  0064 [			COUNTLIST DB 100 DUP(00H)
        00
       ]
 = 001E				LISTROW  EQU 30
 = 005A				LISTEND  EQU 90

 01E5 00			NAMESTART DB 0
 01E6 00			NAMEEND   DB 0
 01E7 00			NAMEROW   DB 0
 01E8 00			NAMECOUNT DB 0
 01E9 00			COUNTSTART DB 0
 01EA 00			COUNTEND   DB 0

 01EB 00			LONG DB ?
 01EC 0000			HANDLE DW ?
 01EE 0000			WORDS  DW ?
 01F0 00			ERRORTIMES DB 0
 01F1 45 52 52 4F 52 21		ERRORMESSAGE DB 'ERROR!PLEASE TRY AGAIN!','$'
       50 4C 45 41 53 45
       20 54 52 59 20 41
       47 41 49 4E 21 24

 0209				DATAS ENDS

 0000				STACKS SEGMENT
				    ;此处输入堆栈段代码
 0000				STACKS ENDS

 0000				CODES SEGMENT
				    ASSUME CS:CODES,DS:DATAS,SS:STACKS
 0000				START:
 0000				MAIN PROC 
 0000  B8 ---- R		    MOV AX,DATAS
 0003  8E D8			    MOV DS,AX
				    ;此处输入代码段代码
 0005				FIRST:
 0005  B9 8178			    MOV CX,33144
 0008  E8 0249			    CALL TDELAY            ;此处延迟十分重要！！调试时没有这个延迟导致页面生成不对
 000B  B4 0F			    MOV AH,0FH
 000D  CD 10			    INT 10H                ;获得当前视频模式
 000F  A2 0046 R		    MOV OLDVIDEO,AL        ;保存当前视频模式
 0012  B8 0600			    MOV AX,0600H           ;清除屏幕
 0015  B7 07			    MOV BH,07
 0017  B9 0000			    MOV CX,0
 001A  BA 184F			    MOV DX,184FH
 001D  CD 10			    INT 10H
 001F  B4 00			    MOV AH,00H             ;设置新的视频模式
 0021  A0 0047 R		    MOV AL,NEWVIDEO
 0024  CD 10			    INT 10H
				    CURSOR 0,0             ;设置光标在0,0
 0026  B4 02		     1	       MOV AH,02H
 0028  B7 00		     1	       MOV BH,00
 002A  B6 00		     1	       MOV DH,0
 002C  B2 00		     1	       MOV DL,0  ;设置光标位置
 002E  CD 10		     1	       INT 10H
				    FILL 150,250,250,350,4 ;在150,250处画一个红框
 0030  BA 0096		     1	       MOV DX,150
 0033			     1	??0000:
 0033  B9 00FA		     1	       MOV CX,250
 0036			     1	??0001:
 0036  B4 0C		     1	       MOV AH,0CH
 0038  B0 04		     1	       MOV AL,4   ;写像素，AL中存放像素值
 003A  CD 10		     1	       INT 10H
 003C  41		     1	       INC CX
 003D  81 F9 015E	     1	       CMP CX,350 ;画一条水平线
 0041  75 F3		     1	       JNE ??0001
 0043  42		     1	       INC DX
 0044  81 FA 00FA	     1	       CMP DX,250 ;增加行值画水平线，以此画出矩形
 0048  75 E9		     1	       JNE ??0000
				    CURSOR 6,194     
 004A  B4 02		     1	       MOV AH,02H
 004C  B7 00		     1	       MOV BH,00
 004E  B6 06		     1	       MOV DH,6
 0050  B2 C2		     1	       MOV DL,194  ;设置光标位置
 0052  CD 10		     1	       INT 10H
				    DISPLAY MESSAGE_1
 0054  B4 09		     1	       MOV AH,09H
 0056  BA 0000 R	     1	       MOV DX,OFFSET MESSAGE_1  ;装入字符串地址
 0059  CD 21		     1	       INT 21H
				    CURSOR 8,27
 005B  B4 02		     1	       MOV AH,02H
 005D  B7 00		     1	       MOV BH,00
 005F  B6 08		     1	       MOV DH,8
 0061  B2 1B		     1	       MOV DL,27  ;设置光标位置
 0063  CD 10		     1	       INT 10H
				    DISPLAY MESSAGE_8
 0065  B4 09		     1	       MOV AH,09H
 0067  BA 0031 R	     1	       MOV DX,OFFSET MESSAGE_8  ;装入字符串地址
 006A  CD 21		     1	       INT 21H
				    CURSOR 12,195
 006C  B4 02		     1	       MOV AH,02H
 006E  B7 00		     1	       MOV BH,00
 0070  B6 0C		     1	       MOV DH,12
 0072  B2 C3		     1	       MOV DL,195  ;设置光标位置
 0074  CD 10		     1	       INT 10H
				    DISPLAY MESSAGE_2
 0076  B4 09		     1	       MOV AH,09H
 0078  BA 0009 R	     1	       MOV DX,OFFSET MESSAGE_2  ;装入字符串地址
 007B  CD 21		     1	       INT 21H
 007D  B8 0000			    MOV AX,0000H     ;初始化鼠标
 0080  CD 33			    INT 33H
 0082  B8 0001			    MOV AX,01H
 0085  CD 33			    INT 33H          ;检查鼠标光标
 0087				BACK:
 0087  B8 0003			    MOV AX,03H       ;检查是否按下鼠标
 008A  CD 33			    INT 33H
 008C  83 FB 01			    CMP BX,0001H     ;现在在cx=列dx=行的位置
 008F  75 F6			    JNE BACK         ;检查左键是否按下
 0091  81 F9 00FA		    CMP CX,250       ;看是否在框的右边
 0095  73 03 E9 01B3		    JB NOT_INSIDE
 009A  81 F9 015E		    CMP CX,350
 009E  76 03 E9 01AA		    JA NOT_INSIDE
 00A3  81 FA 0096		    CMP DX,150
 00A7  73 03 E9 01A1		    JB NOT_INSIDE
 00AC  81 FA 00FA		    CMP DX,250
 00B0  76 03 E9 0198		    JA NOT_INSIDE     ;检查是否在框中

 00B5				SECONDPAINT:        
 00B5  B8 0600			    MOV AX,0600H           ;清除屏幕
 00B8  B7 07			    MOV BH,07
 00BA  B9 0000			    MOV CX,0
 00BD  BA 184F			    MOV DX,184FH
 00C0  CD 10			    INT 10H
				    
 00C2  B4 00			    MOV AH,00H              ;设置新的视频模式
 00C4  A0 0047 R		    MOV AL,NEWVIDEO
 00C7  CD 10			    INT 10H
				    
				    CURSOR 0,0
 00C9  B4 02		     1	       MOV AH,02H
 00CB  B7 00		     1	       MOV BH,00
 00CD  B6 00		     1	       MOV DH,0
 00CF  B2 00		     1	       MOV DL,0  ;设置光标位置
 00D1  CD 10		     1	       INT 10H
				    FILL 30,50,80,200,4
 00D3  BA 001E		     1	       MOV DX,30
 00D6			     1	??0002:
 00D6  B9 0032		     1	       MOV CX,50
 00D9			     1	??0003:
 00D9  B4 0C		     1	       MOV AH,0CH
 00DB  B0 04		     1	       MOV AL,4   ;写像素，AL中存放像素值
 00DD  CD 10		     1	       INT 10H
 00DF  41		     1	       INC CX
 00E0  81 F9 00C8	     1	       CMP CX,200 ;画一条水平线
 00E4  75 F3		     1	       JNE ??0003
 00E6  42		     1	       INC DX
 00E7  83 FA 50		     1	       CMP DX,80 ;增加行值画水平线，以此画出矩形
 00EA  75 EA		     1	       JNE ??0002
				    CURSOR 3,12
 00EC  B4 02		     1	       MOV AH,02H
 00EE  B7 00		     1	       MOV BH,00
 00F0  B6 03		     1	       MOV DH,3
 00F2  B2 0C		     1	       MOV DL,12  ;设置光标位置
 00F4  CD 10		     1	       INT 10H
				    DISPLAY MESSAGE_3
 00F6  B4 09		     1	       MOV AH,09H
 00F8  BA 000F R	     1	       MOV DX,OFFSET MESSAGE_3  ;装入字符串地址
 00FB  CD 21		     1	       INT 21H
				    FILL 110,50,160,200,4
 00FD  BA 006E		     1	       MOV DX,110
 0100			     1	??0004:
 0100  B9 0032		     1	       MOV CX,50
 0103			     1	??0005:
 0103  B4 0C		     1	       MOV AH,0CH
 0105  B0 04		     1	       MOV AL,4   ;写像素，AL中存放像素值
 0107  CD 10		     1	       INT 10H
 0109  41		     1	       INC CX
 010A  81 F9 00C8	     1	       CMP CX,200 ;画一条水平线
 010E  75 F3		     1	       JNE ??0005
 0110  42		     1	       INC DX
 0111  81 FA 00A0	     1	       CMP DX,160 ;增加行值画水平线，以此画出矩形
 0115  75 E9		     1	       JNE ??0004
				    CURSOR 8,12
 0117  B4 02		     1	       MOV AH,02H
 0119  B7 00		     1	       MOV BH,00
 011B  B6 08		     1	       MOV DH,8
 011D  B2 0C		     1	       MOV DL,12  ;设置光标位置
 011F  CD 10		     1	       INT 10H
				    DISPLAY MESSAGE_4
 0121  B4 09		     1	       MOV AH,09H
 0123  BA 0017 R	     1	       MOV DX,OFFSET MESSAGE_4  ;装入字符串地址
 0126  CD 21		     1	       INT 21H
				    FILL 190,50,240,200,4
 0128  BA 00BE		     1	       MOV DX,190
 012B			     1	??0006:
 012B  B9 0032		     1	       MOV CX,50
 012E			     1	??0007:
 012E  B4 0C		     1	       MOV AH,0CH
 0130  B0 04		     1	       MOV AL,4   ;写像素，AL中存放像素值
 0132  CD 10		     1	       INT 10H
 0134  41		     1	       INC CX
 0135  81 F9 00C8	     1	       CMP CX,200 ;画一条水平线
 0139  75 F3		     1	       JNE ??0007
 013B  42		     1	       INC DX
 013C  81 FA 00F0	     1	       CMP DX,240 ;增加行值画水平线，以此画出矩形
 0140  75 E9		     1	       JNE ??0006
				    CURSOR 13,12
 0142  B4 02		     1	       MOV AH,02H
 0144  B7 00		     1	       MOV BH,00
 0146  B6 0D		     1	       MOV DH,13
 0148  B2 0C		     1	       MOV DL,12  ;设置光标位置
 014A  CD 10		     1	       INT 10H
				    DISPLAY MESSAGE_5
 014C  B4 09		     1	       MOV AH,09H
 014E  BA 001E R	     1	       MOV DX,OFFSET MESSAGE_5  ;装入字符串地址
 0151  CD 21		     1	       INT 21H
				    FILL 270,50,320,200,4
 0153  BA 010E		     1	       MOV DX,270
 0156			     1	??0008:
 0156  B9 0032		     1	       MOV CX,50
 0159			     1	??0009:
 0159  B4 0C		     1	       MOV AH,0CH
 015B  B0 04		     1	       MOV AL,4   ;写像素，AL中存放像素值
 015D  CD 10		     1	       INT 10H
 015F  41		     1	       INC CX
 0160  81 F9 00C8	     1	       CMP CX,200 ;画一条水平线
 0164  75 F3		     1	       JNE ??0009
 0166  42		     1	       INC DX
 0167  81 FA 0140	     1	       CMP DX,320 ;增加行值画水平线，以此画出矩形
 016B  75 E9		     1	       JNE ??0008
				    CURSOR 18,12
 016D  B4 02		     1	       MOV AH,02H
 016F  B7 00		     1	       MOV BH,00
 0171  B6 12		     1	       MOV DH,18
 0173  B2 0C		     1	       MOV DL,12  ;设置光标位置
 0175  CD 10		     1	       INT 10H
				    DISPLAY MESSAGE_6
 0177  B4 09		     1	       MOV AH,09H
 0179  BA 0025 R	     1	       MOV DX,OFFSET MESSAGE_6  ;装入字符串地址
 017C  CD 21		     1	       INT 21H
				    FILL 400,500,450,600,4
 017E  BA 0190		     1	       MOV DX,400
 0181			     1	??000A:
 0181  B9 01F4		     1	       MOV CX,500
 0184			     1	??000B:
 0184  B4 0C		     1	       MOV AH,0CH
 0186  B0 04		     1	       MOV AL,4   ;写像素，AL中存放像素值
 0188  CD 10		     1	       INT 10H
 018A  41		     1	       INC CX
 018B  81 F9 0258	     1	       CMP CX,600 ;画一条水平线
 018F  75 F3		     1	       JNE ??000B
 0191  42		     1	       INC DX
 0192  81 FA 01C2	     1	       CMP DX,450 ;增加行值画水平线，以此画出矩形
 0196  75 E9		     1	       JNE ??000A
				    CURSOR 26,67
 0198  B4 02		     1	       MOV AH,02H
 019A  B7 00		     1	       MOV BH,00
 019C  B6 1A		     1	       MOV DH,26
 019E  B2 43		     1	       MOV DL,67  ;设置光标位置
 01A0  CD 10		     1	       INT 10H
				    DISPLAY MESSAGE_7 
 01A2  B4 09		     1	       MOV AH,09H
 01A4  BA 002C R	     1	       MOV DX,OFFSET MESSAGE_7  ;装入字符串地址
 01A7  CD 21		     1	       INT 21H
				    
 01A9  E8 00B7			    CALL MEMOLIST   
				    
 01AC				SECONDBEGIN:    
 01AC  B8 0000			    MOV AX,0000H
 01AF  CD 33			    INT 33H                  ;初始化鼠标
 01B1  B8 0001			    MOV AX,01H
 01B4  CD 33			    INT 33H     
 01B6				BACK2:
 01B6  B8 0003			    MOV AX,03H                ;检查鼠标
 01B9  CD 33			    INT 33H
 01BB  83 FB 01			    CMP BX,0001H
 01BE  75 F6			    JNE BACK2
 01C0  83 F9 32			    CMP CX,50
 01C3  72 29			    JB  MODEL2
 01C5  83 FA 1E			    CMP DX,30
 01C8  72 24			    JB  MODEL2
 01CA  81 F9 00C8		    CMP CX,200
 01CE  77 1E			    JA  MODEL2
 01D0  83 FA 50			    CMP DX,80
 01D3  77 19			    JA  MODEL2           ;判断是否在模块一中
				    CLEARSRC
 01D5  B8 0600		     1	    MOV AX,0600H           ;清除屏幕
 01D8  B7 07		     1	    MOV BH,07
 01DA  B9 0000		     1	    MOV CX,0
 01DD  BA 184F		     1	    MOV DX,184FH
 01E0  CD 10		     1	    INT 10H
 01E2  B9 8178			    MOV CX,33144
 01E5  E8 006C			    CALL TDELAY
 01E8  E8 0133			    CALL MODEL1
 01EB  E9 FEC7			    JMP SECONDPAINT
 01EE				MODEL2:   
 01EE  83 F9 32			    CMP CX,50
 01F1  72 11			    JB  MODEL3
 01F3  83 FA 6E			    CMP DX,110
 01F6  72 0C			    JB  MODEL3
 01F8  81 F9 00C8		    CMP CX,200
 01FC  77 06			    JA  MODEL3
 01FE  81 FA 00A0		    CMP DX,160
 0202  77 00			    JA  MODEL3
				    ;CALL MODEL2               ;判断是否在模块2
 0204				MODEL3:    
 0204  83 F9 32			    CMP CX,50
 0207  72 12			    JB  MODEL4
 0209  81 FA 00BE		    CMP DX,190
 020D  72 0C			    JB  MODEL4
 020F  81 F9 00C8		    CMP CX,200
 0213  77 06			    JA  MODEL4
 0215  81 FA 00F0		    CMP DX,240
 0219  77 00			    JA  MODEL4
				    ;CALL MODEL3                ;判断是否在模块3中
 021B				MODEL4:    
 021B  83 F9 32			    CMP CX,50
 021E  72 12			    JB  EXITMAIN
 0220  81 FA 010E		    CMP DX,270
 0224  72 0C			    JB  EXITMAIN
 0226  81 F9 00C8		    CMP CX,200
 022A  77 06			    JA  EXITMAIN
 022C  81 FA 0140		    CMP DX,320
 0230  77 00			    JA  EXITMAIN
				    ;CALL MODEL4                 ;判断是否在模块4中
 0232				EXITMAIN:   
 0232  81 F9 01F4		    CMP CX,500
 0236  72 18			    JB  NOT_INSIDE2
 0238  81 FA 0190		    CMP DX,400
 023C  72 12			    JB  NOT_INSIDE2
 023E  81 F9 0258		    CMP CX,600
 0242  77 0C			    JA  NOT_INSIDE2
 0244  81 FA 01C2		    CMP DX,450
 0248  77 06			    JA  NOT_INSIDE2
 024A  E9 FDB8			    JMP FIRST
				    
				 
				        

 024D				NOT_INSIDE:
 024D  E9 FE37			    JMP BACK
				    
 0250				NOT_INSIDE2:
				   
 0250  B4 4C			    MOV AH,4CH
 0252  CD 21			    INT 21H
 0254				MAIN ENDP

 0254				TDELAY PROC NEAR
 0254  50			     PUSH AX
 0255				W1:  
 0255  E4 61			     IN  AL,61H
 0257  24 10			     AND AL,00010000B
 0259  38 E0			     CMP AL,AH
 025B  74 F8			     JE  W1
 025D  8A E0			     MOV AH,AL
 025F  E2 F4			     LOOP W1
 0261  58			     POP AX
 0262  C3			     RET
 0263				TDELAY ENDP

				;备忘录列表界面
 0263				MEMOLIST PROC NEAR
 0263  2B C0			    SUB AX,AX
 0265  A0 017F R		    MOV AL,MEMOCOUNT
 0268  3C 00			    CMP AL,0
 026A  75 03 E9 00A8		    JE  ENDLIST
				    FRAME 30,300,300,600,4
 026F  BA 001E		     1	      MOV DX,30
 0272  B9 012C		     1	      MOV CX,300
 0275			     1	??000C:
 0275  B4 0C		     1	      MOV AH,0CH
 0277  B0 04		     1	      MOV AL,4
 0279  CD 10		     1	      INT 10H
 027B  41		     1	      INC CX
 027C  81 F9 0258	     1	      CMP CX,600
 0280  75 F3		     1	      JNE ??000C
 0282  B9 012C		     1	      MOV CX,300
 0285			     1	??000D:
 0285  B4 0C		     1	      MOV AH,0CH
 0287  B0 04		     1	      MOV AL,4
 0289  CD 10		     1	      INT 10H
 028B  42		     1	      INC DX
 028C  81 FA 012C	     1	      CMP DX,300
 0290  75 F3		     1	      JNE ??000D
 0292  BA 012C		     1	      MOV DX,300
 0295  B9 012C		     1	      MOV CX,300
 0298			     1	??000E:
 0298  B4 0C		     1	      MOV AH,0CH
 029A  B0 04		     1	      MOV AL,4
 029C  CD 10		     1	      INT 10H
 029E  41		     1	      INC CX
 029F  81 F9 0258	     1	      CMP CX,600
 02A3  75 F3		     1	      JNE ??000E
 02A5  BA 001E		     1	      MOV DX,30
 02A8  B9 0258		     1	      MOV CX,600
 02AB			     1	??000F:
 02AB  B4 0C		     1	      MOV AH,0CH
 02AD  B0 04		     1	      MOV AL,4
 02AF  CD 10		     1	      INT 10H
 02B1  42		     1	      INC DX
 02B2  81 FA 012C	     1	      CMP DX,300
 02B6  75 F3		     1	      JNE ??000F       
				    
 02B8  B0 03			    MOV AL,3
 02BA  A2 01E7 R		    MOV NAMEROW,AL
 02BD  B3 28			    MOV BL,40
 02BF  2B C9			    SUB CX,CX
 02C1  8A 0E 017F R		    MOV CL,MEMOCOUNT
 02C5  88 0E 01E8 R		    MOV NAMECOUNT,CL
 02C9  2B C0			    SUB AX,AX
 02CB  A0 01E5 R		    MOV AL,NAMESTART
 02CE  A2 01E9 R		    MOV COUNTSTART,AL
 02D1  BE 0181 R		    MOV SI,OFFSET COUNTLIST
 02D4				LISTLOOP:
 02D4  B4 02			    MOV AH,02H
 02D6  B7 00			    MOV BH,00
 02D8  8A 36 01E7 R		    MOV DH,NAMEROW
 02DC  B2 28			    MOV DL,40  ;设置光标位置
 02DE  CD 10			    INT 10H
				    
				    ;显示已有备忘录名称
				    ;DISPLAY SMESSAGE
 02E0  8A 1E 01E8 R		    MOV BL,NAMECOUNT
 02E4  2A FF			    SUB BH,BH
 02E6  8A 38			    MOV BH,BYTE PTR[SI+BX];取出该字的长度
 02E8  8A 26 01E9 R		    MOV AH,COUNTSTART;取出该字下一个字的开始处
 02EC  FE CC			    DEC AH
 02EE  2A E7			    SUB AH,BH
 02F0  88 26 01E9 R		    MOV COUNTSTART,AH
				    
 02F4  B4 09			    MOV AH,09H
 02F6  BA 011B R		    MOV DX,OFFSET MEMONAME
 02F9  02 16 01E9 R		    ADD DL,COUNTSTART
 02FD  CD 21			    INT 21H
				    
 02FF  8A 1E 01E8 R		    MOV BL,NAMECOUNT
 0303  FE CB			    DEC BL
 0305  88 1E 01E8 R		    MOV NAMECOUNT,BL
				    
 0309  A0 01E7 R		    MOV AL,NAMEROW
 030C  04 02			    ADD AL,2
 030E  A2 01E7 R		    MOV NAMEROW,AL
 0311  49			    DEC CX
 0312  83 F9 00			    CMP CX,0
 0315  75 BD			    JNE LISTLOOP
 0317				ENDLIST:
 0317  B9 8178			    MOV CX,33144
 031A  E8 FF37			    CALL TDELAY
 031D  C3			    RET
 031E				    MEMOLIST ENDP


 031E				MODEL1 PROC NEAR
				     
				     CLEARSRC               ;清除屏幕
 031E  B8 0600		     1	    MOV AX,0600H           ;清除屏幕
 0321  B7 07		     1	    MOV BH,07
 0323  B9 0000		     1	    MOV CX,0
 0326  BA 184F		     1	    MOV DX,184FH
 0329  CD 10		     1	    INT 10H
 032B  B4 00			     MOV AH,00            ;设置视频模式
 032D  A0 0047 R		     MOV AL,NEWVIDEO
 0330  CD 10			     INT 10H
				     
				     CURSOR 0,0
 0332  B4 02		     1	       MOV AH,02H
 0334  B7 00		     1	       MOV BH,00
 0336  B6 00		     1	       MOV DH,0
 0338  B2 00		     1	       MOV DL,0  ;设置光标位置
 033A  CD 10		     1	       INT 10H
				     FRAME 70,130,110,550,4
 033C  BA 0046		     1	      MOV DX,70
 033F  B9 0082		     1	      MOV CX,130
 0342			     1	??0010:
 0342  B4 0C		     1	      MOV AH,0CH
 0344  B0 04		     1	      MOV AL,4
 0346  CD 10		     1	      INT 10H
 0348  41		     1	      INC CX
 0349  81 F9 0226	     1	      CMP CX,550
 034D  75 F3		     1	      JNE ??0010
 034F  B9 0082		     1	      MOV CX,130
 0352			     1	??0011:
 0352  B4 0C		     1	      MOV AH,0CH
 0354  B0 04		     1	      MOV AL,4
 0356  CD 10		     1	      INT 10H
 0358  42		     1	      INC DX
 0359  83 FA 6E		     1	      CMP DX,110
 035C  75 F4		     1	      JNE ??0011
 035E  BA 006E		     1	      MOV DX,110
 0361  B9 0082		     1	      MOV CX,130
 0364			     1	??0012:
 0364  B4 0C		     1	      MOV AH,0CH
 0366  B0 04		     1	      MOV AL,4
 0368  CD 10		     1	      INT 10H
 036A  41		     1	      INC CX
 036B  81 F9 0226	     1	      CMP CX,550
 036F  75 F3		     1	      JNE ??0012
 0371  BA 0046		     1	      MOV DX,70
 0374  B9 0226		     1	      MOV CX,550
 0377			     1	??0013:
 0377  B4 0C		     1	      MOV AH,0CH
 0379  B0 04		     1	      MOV AL,4
 037B  CD 10		     1	      INT 10H
 037D  42		     1	      INC DX
 037E  83 FA 6E		     1	      CMP DX,110
 0381  75 F4		     1	      JNE ??0013       
				     FRAME 150,130,400,550,4
 0383  BA 0096		     1	      MOV DX,150
 0386  B9 0082		     1	      MOV CX,130
 0389			     1	??0014:
 0389  B4 0C		     1	      MOV AH,0CH
 038B  B0 04		     1	      MOV AL,4
 038D  CD 10		     1	      INT 10H
 038F  41		     1	      INC CX
 0390  81 F9 0226	     1	      CMP CX,550
 0394  75 F3		     1	      JNE ??0014
 0396  B9 0082		     1	      MOV CX,130
 0399			     1	??0015:
 0399  B4 0C		     1	      MOV AH,0CH
 039B  B0 04		     1	      MOV AL,4
 039D  CD 10		     1	      INT 10H
 039F  42		     1	      INC DX
 03A0  81 FA 0190	     1	      CMP DX,400
 03A4  75 F3		     1	      JNE ??0015
 03A6  BA 0190		     1	      MOV DX,400
 03A9  B9 0082		     1	      MOV CX,130
 03AC			     1	??0016:
 03AC  B4 0C		     1	      MOV AH,0CH
 03AE  B0 04		     1	      MOV AL,4
 03B0  CD 10		     1	      INT 10H
 03B2  41		     1	      INC CX
 03B3  81 F9 0226	     1	      CMP CX,550
 03B7  75 F3		     1	      JNE ??0016
 03B9  BA 0096		     1	      MOV DX,150
 03BC  B9 0226		     1	      MOV CX,550
 03BF			     1	??0017:
 03BF  B4 0C		     1	      MOV AH,0CH
 03C1  B0 04		     1	      MOV AL,4
 03C3  CD 10		     1	      INT 10H
 03C5  42		     1	      INC DX
 03C6  81 FA 0190	     1	      CMP DX,400
 03CA  75 F3		     1	      JNE ??0017       
				     FRAME 420,150,450,250,4
 03CC  BA 01A4		     1	      MOV DX,420
 03CF  B9 0096		     1	      MOV CX,150
 03D2			     1	??0018:
 03D2  B4 0C		     1	      MOV AH,0CH
 03D4  B0 04		     1	      MOV AL,4
 03D6  CD 10		     1	      INT 10H
 03D8  41		     1	      INC CX
 03D9  81 F9 00FA	     1	      CMP CX,250
 03DD  75 F3		     1	      JNE ??0018
 03DF  B9 0096		     1	      MOV CX,150
 03E2			     1	??0019:
 03E2  B4 0C		     1	      MOV AH,0CH
 03E4  B0 04		     1	      MOV AL,4
 03E6  CD 10		     1	      INT 10H
 03E8  42		     1	      INC DX
 03E9  81 FA 01C2	     1	      CMP DX,450
 03ED  75 F3		     1	      JNE ??0019
 03EF  BA 01C2		     1	      MOV DX,450
 03F2  B9 0096		     1	      MOV CX,150
 03F5			     1	??001A:
 03F5  B4 0C		     1	      MOV AH,0CH
 03F7  B0 04		     1	      MOV AL,4
 03F9  CD 10		     1	      INT 10H
 03FB  41		     1	      INC CX
 03FC  81 F9 00FA	     1	      CMP CX,250
 0400  75 F3		     1	      JNE ??001A
 0402  BA 01A4		     1	      MOV DX,420
 0405  B9 00FA		     1	      MOV CX,250
 0408			     1	??001B:
 0408  B4 0C		     1	      MOV AH,0CH
 040A  B0 04		     1	      MOV AL,4
 040C  CD 10		     1	      INT 10H
 040E  42		     1	      INC DX
 040F  81 FA 01C2	     1	      CMP DX,450
 0413  75 F3		     1	      JNE ??001B       
				     FRAME 420,430,450,530,4
 0415  BA 01A4		     1	      MOV DX,420
 0418  B9 01AE		     1	      MOV CX,430
 041B			     1	??001C:
 041B  B4 0C		     1	      MOV AH,0CH
 041D  B0 04		     1	      MOV AL,4
 041F  CD 10		     1	      INT 10H
 0421  41		     1	      INC CX
 0422  81 F9 0212	     1	      CMP CX,530
 0426  75 F3		     1	      JNE ??001C
 0428  B9 01AE		     1	      MOV CX,430
 042B			     1	??001D:
 042B  B4 0C		     1	      MOV AH,0CH
 042D  B0 04		     1	      MOV AL,4
 042F  CD 10		     1	      INT 10H
 0431  42		     1	      INC DX
 0432  81 FA 01C2	     1	      CMP DX,450
 0436  75 F3		     1	      JNE ??001D
 0438  BA 01C2		     1	      MOV DX,450
 043B  B9 01AE		     1	      MOV CX,430
 043E			     1	??001E:
 043E  B4 0C		     1	      MOV AH,0CH
 0440  B0 04		     1	      MOV AL,4
 0442  CD 10		     1	      INT 10H
 0444  41		     1	      INC CX
 0445  81 F9 0212	     1	      CMP CX,530
 0449  75 F3		     1	      JNE ??001E
 044B  BA 01A4		     1	      MOV DX,420
 044E  B9 0212		     1	      MOV CX,530
 0451			     1	??001F:
 0451  B4 0C		     1	      MOV AH,0CH
 0453  B0 04		     1	      MOV AL,4
 0455  CD 10		     1	      INT 10H
 0457  42		     1	      INC DX
 0458  81 FA 01C2	     1	      CMP DX,450
 045C  75 F3		     1	      JNE ??001F       
				     
				     CURSOR 5,10
 045E  B4 02		     1	       MOV AH,02H
 0460  B7 00		     1	       MOV BH,00
 0462  B6 05		     1	       MOV DH,5
 0464  B2 0A		     1	       MOV DL,10  ;设置光标位置
 0466  CD 10		     1	       INT 10H
				     DISPLAY TITLETEXT
 0468  B4 09		     1	       MOV AH,09H
 046A  BA 0049 R	     1	       MOV DX,OFFSET TITLETEXT  ;装入字符串地址
 046D  CD 21		     1	       INT 21H
				     CURSOR 10,8
 046F  B4 02		     1	       MOV AH,02H
 0471  B7 00		     1	       MOV BH,00
 0473  B6 0A		     1	       MOV DH,10
 0475  B2 08		     1	       MOV DL,8  ;设置光标位置
 0477  CD 10		     1	       INT 10H
				     DISPLAY CONTEXTTEXT
 0479  B4 09		     1	       MOV AH,09H
 047B  BA 0050 R	     1	       MOV DX,OFFSET CONTEXTTEXT  ;装入字符串地址
 047E  CD 21		     1	       INT 21H
				     CURSOR 8,70
 0480  B4 02		     1	       MOV AH,02H
 0482  B7 00		     1	       MOV BH,00
 0484  B6 08		     1	       MOV DH,8
 0486  B2 46		     1	       MOV DL,70  ;设置光标位置
 0488  CD 10		     1	       INT 10H
				     DISPLAY INFORMATION
 048A  B4 09		     1	       MOV AH,09H
 048C  BA 00A3 R	     1	       MOV DX,OFFSET INFORMATION  ;装入字符串地址
 048F  CD 21		     1	       INT 21H
				     CURSOR 27,23
 0491  B4 02		     1	       MOV AH,02H
 0493  B7 00		     1	       MOV BH,00
 0495  B6 1B		     1	       MOV DH,27
 0497  B2 17		     1	       MOV DL,23  ;设置光标位置
 0499  CD 10		     1	       INT 10H
				     DISPLAY SAVETEXT
 049B  B4 09		     1	       MOV AH,09H
 049D  BA 0059 R	     1	       MOV DX,OFFSET SAVETEXT  ;装入字符串地址
 04A0  CD 21		     1	       INT 21H
				     CURSOR 27,58
 04A2  B4 02		     1	       MOV AH,02H
 04A4  B7 00		     1	       MOV BH,00
 04A6  B6 1B		     1	       MOV DH,27
 04A8  B2 3A		     1	       MOV DL,58  ;设置光标位置
 04AA  CD 10		     1	       INT 10H
				     DISPLAY BACKTEXT
 04AC  B4 09		     1	       MOV AH,09H
 04AE  BA 005E R	     1	       MOV DX,OFFSET BACKTEXT  ;装入字符串地址
 04B1  CD 21		     1	       INT 21H
				     
				     CURSOR 0,0
 04B3  B4 02		     1	       MOV AH,02H
 04B5  B7 00		     1	       MOV BH,00
 04B7  B6 00		     1	       MOV DH,0
 04B9  B2 00		     1	       MOV DL,0  ;设置光标位置
 04BB  CD 10		     1	       INT 10H
 04BD  B8 0000			     MOV AX,0000H      ;初始化鼠标
 04C0  CD 33			     INT 33H
				     CURSOR 0,0
 04C2  B4 02		     1	       MOV AH,02H
 04C4  B7 00		     1	       MOV BH,00
 04C6  B6 00		     1	       MOV DH,0
 04C8  B2 00		     1	       MOV DL,0  ;设置光标位置
 04CA  CD 10		     1	       INT 10H
 04CC  B8 0004			     MOV AX,04H
 04CF  B9 0000			     MOV CX,0
 04D2  BA 0000			     MOV DX,0
 04D5  CD 33			     INT 33H
 04D7				NEWBACK:
 04D7  B8 0001			     MOV AX,01H
 04DA  CD 33			     INT 33H           ;检查鼠标光标
 04DC  B8 0003			     MOV AX,03H        ;检查是否按下鼠标
 04DF  CD 33			     INT 33H
 04E1  83 FB 01			     CMP BX,0001H      ;现在在cx=列dx=行的位置
 04E4  75 F1			     JNE NEWBACK       ;检查左键是否按下
 04E6  83 FA 46			     CMP DX,70
 04E9  73 03 E9 00C2		     JB  CONTENTLP
 04EE  83 FA 6E			     CMP DX,110
 04F1  76 03 E9 00BA		     JA  CONTENTLP
 04F6  81 F9 0082		     CMP CX,130
 04FA  73 03 E9 00B1		     JB  CONTENTLP
 04FF  81 F9 0226		     CMP CX,550
 0503  76 03 E9 00A8		     JA  CONTENTLP

 0508				TITLELP:     
				     CURSOR 3,16
 0508  B4 02		     1	       MOV AH,02H
 050A  B7 00		     1	       MOV BH,00
 050C  B6 03		     1	       MOV DH,3
 050E  B2 10		     1	       MOV DL,16  ;设置光标位置
 0510  CD 10		     1	       INT 10H
				     DISPLAY TITLEMESSAGE
 0512  B4 09		     1	       MOV AH,09H
 0514  BA 006C R	     1	       MOV DX,OFFSET TITLEMESSAGE  ;装入字符串地址
 0517  CD 21		     1	       INT 21H
				     ;获取标题
				     CURSOR 5,18
 0519  B4 02		     1	       MOV AH,02H
 051B  B7 00		     1	       MOV BH,00
 051D  B6 05		     1	       MOV DH,5
 051F  B2 12		     1	       MOV DL,18  ;设置光标位置
 0521  CD 10		     1	       INT 10H
 0523  B4 0A			     MOV AH,0AH
 0525  BA 00A9 R		     MOV DX,OFFSET ADDRESS
 0528  CD 21			     INT 21H                  
				     ;将输入缓冲区中的0DH换为00H
				     FILEWORD ADDRESS
 052A  BB 00A9 R	     1	      MOV BX,OFFSET ADDRESS
 052D  2A ED		     1	      SUB CH,CH
 052F  8A 4F 01		     1	      MOV CL,[BX]+1
 0532  89 0E 01EE R	     1	      MOV WORDS,CX
 0536  2A ED			     SUB CH,CH
 0538  8B F1			     MOV SI,CX
 053A  C6 40 02 00		     MOV BYTE PTR[BX+SI]+2,00
				     ;获取文件名到00结束，新建文件
 053E  BA 00A9 R		     MOV DX,OFFSET ADDRESS
 0541  42			     INC DX
 0542  42			     INC DX
 0543  B9 0000			     MOV CX,0
 0546  B4 3C			     MOV AH,3CH
 0548  CD 21			     INT 21H
 054A  73 03 E9 00FF		     JC  ERROR
 054F  C6 06 01F0 R 00		     MOV ERRORTIMES,0
 0554  A3 01EC R		     MOV HANDLE,AX
				     
				     ;存入现有MEMO数目
 0557  2B C0			     SUB AX,AX
 0559  8A 26 017F R		     MOV AH,MEMOCOUNT
 055D  FE C4			     INC AH
 055F  88 26 017F R		     MOV MEMOCOUNT,AH
				     
				     ;将文件名存入MEMONAME中
 0563  BF 00A9 R		     MOV DI,OFFSET ADDRESS
 0566  47			     INC DI
 0567  2B C9			     SUB CX,CX
 0569  8A 0D			     MOV CL,[DI]
 056B  88 0E 0180 R		     MOV NUMBER,CL
 056F  47			     INC DI
 0570  BE 011B R		     MOV SI,OFFSET MEMONAME
 0573  2B DB			     SUB BX,BX
 0575  8A 1E 01E5 R		     MOV BL,NAMESTART
 0579				NAMELOOP:         
 0579  8A 05			     MOV AL,[DI]
 057B  88 00			     MOV [SI+BX],AL
 057D  47			     INC DI
 057E  46			     INC SI
 057F  49			     DEC CX
 0580  83 F9 00			     CMP CX,0
 0583  75 F4			     JNE NAMELOOP
				     
				     
				     ;将文件名长度存入COUNTLIST
 0585  2B DB			     SUB BX,BX
 0587  BE 0181 R		     MOV SI,OFFSET COUNTLIST
 058A  8A 1E 017F R		     MOV BL,MEMOCOUNT
 058E  A0 0180 R		     MOV AL,NUMBER
 0591  88 00			     MOV BYTE PTR[SI+BX],AL
				     
 0593  2B DB			     SUB BX,BX
 0595  BE 0181 R		     MOV SI,OFFSET COUNTLIST
 0598  8A 1E 017F R		     MOV BL,MEMOCOUNT
 059C  8A 38			     MOV BH,BYTE PTR[SI+BX] ;求出COUNTLIST[MEMOCOUNT]
 059E  02 3E 01E5 R		     ADD BH,NAMESTART
 05A2  88 3E 01E6 R		     MOV NAMEEND,BH;求出当前MEMONAME的结束处
 05A6  80 C7 01			     ADD BH,1
 05A9  88 3E 01E5 R		     MOV NAMESTART,BH;求出下一个MEMONAME的开始处
				     
 05AD  E9 FF27			     JMP NEWBACK
				          
 05B0				CONTENTLP:     
 05B0  81 FA 0096		     CMP DX,150
 05B4  72 65			     JB  SAVELP
 05B6  81 FA 0190		     CMP DX,400
 05BA  77 5F			     JA  SAVELP
 05BC  81 F9 0082		     CMP CX,130
 05C0  72 59			     JB  SAVELP
 05C2  81 F9 0226		     CMP CX,550
 05C6  77 53			     JA  SAVELP
				     
				     CURSOR 8,16
 05C8  B4 02		     1	       MOV AH,02H
 05CA  B7 00		     1	       MOV BH,00
 05CC  B6 08		     1	       MOV DH,8
 05CE  B2 10		     1	       MOV DL,16  ;设置光标位置
 05D0  CD 10		     1	       INT 10H
				     DISPLAY CONTEXTMESSAGE
 05D2  B4 09		     1	       MOV AH,09H
 05D4  BA 008A R	     1	       MOV DX,OFFSET CONTEXTMESSAGE  ;装入字符串地址
 05D7  CD 21		     1	       INT 21H
				     ;输入文件内容
				     CURSOR 10,18
 05D9  B4 02		     1	       MOV AH,02H
 05DB  B7 00		     1	       MOV BH,00
 05DD  B6 0A		     1	       MOV DH,10
 05DF  B2 12		     1	       MOV DL,18  ;设置光标位置
 05E1  CD 10		     1	       INT 10H
 05E3  B4 0A			     MOV AH,0AH
 05E5  BA 00B5 R		     MOV DX,OFFSET BUF
 05E8  CD 21			     INT 21H
				     
				     ;获取输入内容字数
				     FILEWORD BUF
 05EA  BB 00B5 R	     1	      MOV BX,OFFSET BUF
 05ED  2A ED		     1	      SUB CH,CH
 05EF  8A 4F 01		     1	      MOV CL,[BX]+1
 05F2  89 0E 01EE R	     1	      MOV WORDS,CX
 05F6  8B 1E 01EC R		     MOV BX,HANDLE
 05FA  8B 0E 01EE R		     MOV CX,WORDS
 05FE  BA 00B5 R		     MOV DX,OFFSET BUF
 0601  42			     INC DX
 0602  42			     INC DX
 0603  B4 40			     MOV AH,40H
 0605  CD 21			     INT 21H
 0607  72 45			     JC ERROR
 0609  C6 06 01F0 R 00		     MOV ERRORTIMES,0
				     ;关闭文件
 060E  8B 1E 01EC R		     MOV BX,HANDLE
 0612  B4 3E			     MOV AH,3EH
 0614  CD 21			     INT 21H
 0616  72 36			     JC ERROR
 0618  E9 FEBC			     JMP NEWBACK

 061B				SAVELP: 

 061B  81 FA 01A4		     CMP DX,420
 061F  72 5B			     JB  BACKLP
 0621  81 FA 01C2		     CMP DX,450
 0625  77 55			     JA  BACKLP
 0627  81 F9 0096		     CMP CX,150
 062B  72 4F			     JB  BACKLP
 062D  81 F9 00FA		     CMP CX,250
 0631  77 49			     JA  BACKLP    
 0633  80 3E 01F0 R 00		     CMP ERRORTIMES,0
 0638  77 1B			     JA  ERRORM
				     CURSOR 10,70
 063A  B4 02		     1	       MOV AH,02H
 063C  B7 00		     1	       MOV BH,00
 063E  B6 0A		     1	       MOV DH,10
 0640  B2 46		     1	       MOV DL,70  ;设置光标位置
 0642  CD 10		     1	       INT 10H
				     DISPLAY SMESSAGE
 0644  B4 09		     1	       MOV AH,09H
 0646  BA 0063 R	     1	       MOV DX,OFFSET SMESSAGE  ;装入字符串地址
 0649  CD 21		     1	       INT 21H
 064B  E9 FE89			     JMP NEWBACK
 064E				ERROR:
 064E  FE 06 01F0 R		     INC ERRORTIMES
 0652  E9 FE82			     JMP NEWBACK     
 0655				ERRORM:
				     CURSOR 10,70
 0655  B4 02		     1	       MOV AH,02H
 0657  B7 00		     1	       MOV BH,00
 0659  B6 0A		     1	       MOV DH,10
 065B  B2 46		     1	       MOV DL,70  ;设置光标位置
 065D  CD 10		     1	       INT 10H
				     DISPLAY ERRORMESSAGE
 065F  B4 09		     1	       MOV AH,09H
 0661  BA 01F1 R	     1	       MOV DX,OFFSET ERRORMESSAGE  ;装入字符串地址
 0664  CD 21		     1	       INT 21H

 0666				NEWNEXT:
 0666  B9 8178			     MOV CX,33144
 0669  E8 FBE8			     CALL TDELAY
 066C  B8 0600			     MOV AX,0600H
 066F  B7 00			     MOV BH,0
 0671  B9 2020			     MOV CX,2020H
 0674  BA 2330			     MOV DX,2330H
 0677  CD 10			     INT 10H
 0679  E9 FE5B			     JMP NEWBACK
				     
				     
				     
 067C				BACKLP:
 067C  81 FA 01A4		     CMP DX,420
 0680  73 03 E9 FE52		     JB  NEWBACK
 0685  81 FA 01C2		     CMP DX,450
 0689  76 03 E9 FE49		     JA  NEWBACK
 068E  81 F9 01AE		     CMP CX,430
 0692  73 03 E9 FE40		     JB  NEWBACK
 0697  81 F9 0212		     CMP CX,530
 069B  76 03 E9 FE37		     JA  NEWBACK
				     CLEARSRC
 06A0  B8 0600		     1	    MOV AX,0600H           ;清除屏幕
 06A3  B7 07		     1	    MOV BH,07
 06A5  B9 0000		     1	    MOV CX,0
 06A8  BA 184F		     1	    MOV DX,184FH
 06AB  CD 10		     1	    INT 10H
				     
 06AD  C3			     RET
 06AE				MODEL1 ENDP


 06AE				CODES ENDS
				    END START

















Microsoft (R) Macro Assembler Version 6.11		    01/06/17 14:50:36
tempfile.asm						     Symbols 2 - 1




Macros:

                N a m e                 Type

CLEARSRC . . . . . . . . . . . .	Proc
CURSOR . . . . . . . . . . . . .	Proc
DISPLAY  . . . . . . . . . . . .	Proc
FILEWORD . . . . . . . . . . . .	Proc
FILL . . . . . . . . . . . . . .	Proc
FRAME  . . . . . . . . . . . . .	Proc


Segments and Groups:

                N a m e                 Size     Length   Align   Combine Class

CODES  . . . . . . . . . . . . .	16 Bit	 06AE	  Para	  Private 
DATAS  . . . . . . . . . . . . .	16 Bit	 0209	  Para	  Private 
STACKS . . . . . . . . . . . . .	16 Bit	 0000	  Para	  Private 


Procedures,  parameters and locals:

                N a m e                 Type     Value    Attr

MAIN . . . . . . . . . . . . . .	P Near	 0000	  CODES	Length= 0254 Public
  FIRST  . . . . . . . . . . . .	L Near	 0005	  CODES	
  ??0000 . . . . . . . . . . . .	L Near	 0033	  CODES	
  ??0001 . . . . . . . . . . . .	L Near	 0036	  CODES	
  BACK . . . . . . . . . . . . .	L Near	 0087	  CODES	
  SECONDPAINT  . . . . . . . . .	L Near	 00B5	  CODES	
  ??0002 . . . . . . . . . . . .	L Near	 00D6	  CODES	
  ??0003 . . . . . . . . . . . .	L Near	 00D9	  CODES	
  ??0004 . . . . . . . . . . . .	L Near	 0100	  CODES	
  ??0005 . . . . . . . . . . . .	L Near	 0103	  CODES	
  ??0006 . . . . . . . . . . . .	L Near	 012B	  CODES	
  ??0007 . . . . . . . . . . . .	L Near	 012E	  CODES	
  ??0008 . . . . . . . . . . . .	L Near	 0156	  CODES	
  ??0009 . . . . . . . . . . . .	L Near	 0159	  CODES	
  ??000A . . . . . . . . . . . .	L Near	 0181	  CODES	
  ??000B . . . . . . . . . . . .	L Near	 0184	  CODES	
  SECONDBEGIN  . . . . . . . . .	L Near	 01AC	  CODES	
  BACK2  . . . . . . . . . . . .	L Near	 01B6	  CODES	
  MODEL2 . . . . . . . . . . . .	L Near	 01EE	  CODES	
  MODEL3 . . . . . . . . . . . .	L Near	 0204	  CODES	
  MODEL4 . . . . . . . . . . . .	L Near	 021B	  CODES	
  EXITMAIN . . . . . . . . . . .	L Near	 0232	  CODES	
  NOT_INSIDE . . . . . . . . . .	L Near	 024D	  CODES	
  NOT_INSIDE2  . . . . . . . . .	L Near	 0250	  CODES	
MEMOLIST . . . . . . . . . . . .	P Near	 0263	  CODES	Length= 00BB Public
  ??000C . . . . . . . . . . . .	L Near	 0275	  CODES	
  ??000D . . . . . . . . . . . .	L Near	 0285	  CODES	
  ??000E . . . . . . . . . . . .	L Near	 0298	  CODES	
  ??000F . . . . . . . . . . . .	L Near	 02AB	  CODES	
  LISTLOOP . . . . . . . . . . .	L Near	 02D4	  CODES	
  ENDLIST  . . . . . . . . . . .	L Near	 0317	  CODES	
MODEL1 . . . . . . . . . . . . .	P Near	 031E	  CODES	Length= 0433 Public
  ??0010 . . . . . . . . . . . .	L Near	 0342	  CODES	
  ??0011 . . . . . . . . . . . .	L Near	 0352	  CODES	
  ??0012 . . . . . . . . . . . .	L Near	 0364	  CODES	
  ??0013 . . . . . . . . . . . .	L Near	 0377	  CODES	
  ??0014 . . . . . . . . . . . .	L Near	 0389	  CODES	
  ??0015 . . . . . . . . . . . .	L Near	 0399	  CODES	
  ??0016 . . . . . . . . . . . .	L Near	 03AC	  CODES	
  ??0017 . . . . . . . . . . . .	L Near	 03BF	  CODES	
  ??0018 . . . . . . . . . . . .	L Near	 03D2	  CODES	
  ??0019 . . . . . . . . . . . .	L Near	 03E2	  CODES	
  ??001A . . . . . . . . . . . .	L Near	 03F5	  CODES	
  ??001B . . . . . . . . . . . .	L Near	 0408	  CODES	
  ??001C . . . . . . . . . . . .	L Near	 041B	  CODES	
  ??001D . . . . . . . . . . . .	L Near	 042B	  CODES	
  ??001E . . . . . . . . . . . .	L Near	 043E	  CODES	
  ??001F . . . . . . . . . . . .	L Near	 0451	  CODES	
  NEWBACK  . . . . . . . . . . .	L Near	 04D7	  CODES	
  TITLELP  . . . . . . . . . . .	L Near	 0508	  CODES	
  NAMELOOP . . . . . . . . . . .	L Near	 0579	  CODES	
  CONTENTLP  . . . . . . . . . .	L Near	 05B0	  CODES	
  SAVELP . . . . . . . . . . . .	L Near	 061B	  CODES	
  ERROR  . . . . . . . . . . . .	L Near	 064E	  CODES	
  ERRORM . . . . . . . . . . . .	L Near	 0655	  CODES	
  NEWNEXT  . . . . . . . . . . .	L Near	 0666	  CODES	
  BACKLP . . . . . . . . . . . .	L Near	 067C	  CODES	
TDELAY . . . . . . . . . . . . .	P Near	 0254	  CODES	Length= 000F Public
  W1 . . . . . . . . . . . . . .	L Near	 0255	  CODES	


Symbols:

                N a m e                 Type     Value    Attr

ADDRESS  . . . . . . . . . . . .	Byte	 00A9	  DATAS	
BACKTEXT . . . . . . . . . . . .	Byte	 005E	  DATAS	
BUF  . . . . . . . . . . . . . .	Byte	 00B5	  DATAS	
CONTEXTMESSAGE . . . . . . . . .	Byte	 008A	  DATAS	
CONTEXTTEXT  . . . . . . . . . .	Byte	 0050	  DATAS	
COUNTEND . . . . . . . . . . . .	Byte	 01EA	  DATAS	
COUNTLIST  . . . . . . . . . . .	Byte	 0181	  DATAS	
COUNTSTART . . . . . . . . . . .	Byte	 01E9	  DATAS	
CR . . . . . . . . . . . . . . .	Number	 000Dh	 
ERRORMESSAGE . . . . . . . . . .	Byte	 01F1	  DATAS	
ERRORTIMES . . . . . . . . . . .	Byte	 01F0	  DATAS	
HANDLE . . . . . . . . . . . . .	Word	 01EC	  DATAS	
INFORMATION  . . . . . . . . . .	Byte	 00A3	  DATAS	
LF . . . . . . . . . . . . . . .	Number	 000Ah	 
LISTEND  . . . . . . . . . . . .	Number	 005Ah	 
LISTROW  . . . . . . . . . . . .	Number	 001Eh	 
LONG . . . . . . . . . . . . . .	Byte	 01EB	  DATAS	
MEMOCOUNT  . . . . . . . . . . .	Byte	 017F	  DATAS	
MEMONAME . . . . . . . . . . . .	Byte	 011B	  DATAS	
MESSAGE_1  . . . . . . . . . . .	Byte	 0000	  DATAS	
MESSAGE_2  . . . . . . . . . . .	Byte	 0009	  DATAS	
MESSAGE_3  . . . . . . . . . . .	Byte	 000F	  DATAS	
MESSAGE_4  . . . . . . . . . . .	Byte	 0017	  DATAS	
MESSAGE_5  . . . . . . . . . . .	Byte	 001E	  DATAS	
MESSAGE_6  . . . . . . . . . . .	Byte	 0025	  DATAS	
MESSAGE_7  . . . . . . . . . . .	Byte	 002C	  DATAS	
MESSAGE_8  . . . . . . . . . . .	Byte	 0031	  DATAS	
NAMECOUNT  . . . . . . . . . . .	Byte	 01E8	  DATAS	
NAMEEND  . . . . . . . . . . . .	Byte	 01E6	  DATAS	
NAMEROW  . . . . . . . . . . . .	Byte	 01E7	  DATAS	
NAMESTART  . . . . . . . . . . .	Byte	 01E5	  DATAS	
NEWVIDEO . . . . . . . . . . . .	Byte	 0047	  DATAS	
NUMBER . . . . . . . . . . . . .	Byte	 0180	  DATAS	
OLDVIDEO . . . . . . . . . . . .	Byte	 0046	  DATAS	
SAVETEXT . . . . . . . . . . . .	Byte	 0059	  DATAS	
SMESSAGE . . . . . . . . . . . .	Byte	 0063	  DATAS	
START  . . . . . . . . . . . . .	L Near	 0000	  CODES	
TITLEMESSAGE . . . . . . . . . .	Byte	 006C	  DATAS	
TITLETEXT  . . . . . . . . . . .	Byte	 0049	  DATAS	
WHEATHERIN . . . . . . . . . . .	Byte	 0048	  DATAS	
WORDS  . . . . . . . . . . . . .	Word	 01EE	  DATAS	

	   0 Warnings
	   0 Errors
